0 info it worked if it ends with ok
1 verbose cli [
1 verbose cli   '/hpc/users/cattoa01/.cursor-server/bin/linux-x64/e9ee1339915a927dfb2df4a836dd9c8337e17cc0/node',
1 verbose cli   '/sc/arion/work/cattoa01/miniconda3/bin/npm',
1 verbose cli   'run',
1 verbose cli   'build'
1 verbose cli ]
2 info using npm@3.10.10
3 info using node@v20.18.2
4 verbose run-script [ 'prebuild', 'build', 'postbuild' ]
5 info lifecycle sam3-web-tracker@1.0.0~prebuild: sam3-web-tracker@1.0.0
6 silly lifecycle sam3-web-tracker@1.0.0~prebuild: no script for prebuild, continuing
7 info lifecycle sam3-web-tracker@1.0.0~build: sam3-web-tracker@1.0.0
8 verbose lifecycle sam3-web-tracker@1.0.0~build: unsafe-perm in lifecycle true
9 verbose lifecycle sam3-web-tracker@1.0.0~build: PATH: /sc/arion/work/cattoa01/miniconda3/lib/node_modules/npm/bin/node-gyp-bin:/sc/arion/projects/KennyComputational/Behavior/Grounded-SAM3-Instruct-WebTrack/frontend/node_modules/.bin:/sc/arion/work/cattoa01/.npm-global/bin:/usr/local/bin:/hpc/lsf/10.1/linux3.10-glibc2.17-x86_64/etc:/hpc/lsf/10.1/linux3.10-glibc2.17-x86_64/bin:/hpc/users/cattoa01/.cursor-server/bin/linux-x64/e9ee1339915a927dfb2df4a836dd9c8337e17cc0:/hpc/users/cattoa01/.cursor-server/bin/linux-x64/e9ee1339915a927dfb2df4a836dd9c8337e17cc0/bin/remote-cli:/sc/arion/work/cattoa01/.npm-global/bin:/usr/local/bin:/hpc/users/cattoa01/.cursor-server/bin/linux-x64/e9ee1339915a927dfb2df4a836dd9c8337e17cc0/bin/remote-cli:/sc/arion/work/cattoa01/.npm-global/bin:/usr/local/bin:/sc/arion/work/cattoa01/.npm-global/bin:/sc/arion/work/cattoa01/miniconda3/bin:/sc/arion/work/cattoa01/miniconda3/condabin:/usr/local/bin:/usr/bin:/usr/local/sbin:/usr/sbin:/hpc/users/cattoa01/.local/bin:/hpc/users/cattoa01/bin:/hpc/users/cattoa01/.local/bin:/hpc/users/cattoa01/bin:/hpc/users/cattoa01/.local/bin:/hpc/users/cattoa01/bin
10 verbose lifecycle sam3-web-tracker@1.0.0~build: CWD: /sc/arion/projects/KennyComputational/Behavior/Grounded-SAM3-Instruct-WebTrack/frontend
11 silly lifecycle sam3-web-tracker@1.0.0~build: Args: [ '-c', 'tsc && vite build' ]
12 silly lifecycle sam3-web-tracker@1.0.0~build: Returned: code: 2  signal: null
13 info lifecycle sam3-web-tracker@1.0.0~build: Failed to exec build script
14 verbose stack Error: sam3-web-tracker@1.0.0 build: `tsc && vite build`
14 verbose stack Exit status 2
14 verbose stack     at EventEmitter.<anonymous> (/sc/arion/work/cattoa01/miniconda3/lib/node_modules/npm/lib/utils/lifecycle.js:255:16)
14 verbose stack     at EventEmitter.emit (node:events:518:28)
14 verbose stack     at ChildProcess.<anonymous> (/sc/arion/work/cattoa01/miniconda3/lib/node_modules/npm/lib/utils/spawn.js:40:14)
14 verbose stack     at ChildProcess.emit (node:events:518:28)
14 verbose stack     at maybeClose (node:internal/child_process:1104:16)
14 verbose stack     at ChildProcess._handle.onexit (node:internal/child_process:304:5)
15 verbose pkgid sam3-web-tracker@1.0.0
16 verbose cwd /sc/arion/projects/KennyComputational/Behavior/Grounded-SAM3-Instruct-WebTrack/frontend
17 error Linux 5.14.0-570.58.1.el9_6.x86_64
18 error argv "/hpc/users/cattoa01/.cursor-server/bin/linux-x64/e9ee1339915a927dfb2df4a836dd9c8337e17cc0/node" "/sc/arion/work/cattoa01/miniconda3/bin/npm" "run" "build"
19 error node v20.18.2
20 error npm  v3.10.10
21 error code ELIFECYCLE
22 error sam3-web-tracker@1.0.0 build: `tsc && vite build`
22 error Exit status 2
23 error Failed at the sam3-web-tracker@1.0.0 build script 'tsc && vite build'.
23 error Make sure you have the latest version of node.js and npm installed.
23 error If you do, this is most likely a problem with the sam3-web-tracker package,
23 error not with npm itself.
23 error Tell the author that this fails on your system:
23 error     tsc && vite build
23 error You can get information on how to open an issue for this project with:
23 error     npm bugs sam3-web-tracker
23 error Or if that isn't available, you can get their info via:
23 error     npm owner ls sam3-web-tracker
23 error There is likely additional logging output above.
24 verbose exit [ 1, true ]
